// Jest Snapshot v1, https://goo.gl/fbAQLP

exports[`renders correctly 1`] = `
<nav
  className="sc-9b3a4e15-0 EFPUK"
>
  <div
    className="sc-9b3a4e15-1 bdKyeQ"
  >
    <div
      id="logo"
    >
      <span
        style={
          {
            "background": "none",
            "border": 0,
            "boxSizing": "border-box",
            "display": "inline-block",
            "height": "initial",
            "margin": 0,
            "maxWidth": "100%",
            "opacity": 1,
            "overflow": "hidden",
            "padding": 0,
            "position": "relative",
            "width": "initial",
          }
        }
      >
        <span
          style={
            {
              "background": "none",
              "border": 0,
              "boxSizing": "border-box",
              "display": "block",
              "height": "initial",
              "margin": 0,
              "maxWidth": "100%",
              "opacity": 1,
              "padding": 0,
              "width": "initial",
            }
          }
        >
          <img
            alt=""
            aria-hidden={true}
            src="data:image/svg+xml,%3csvg%20xmlns=%27http://www.w3.org/2000/svg%27%20version=%271.1%27%20width=%27120%27%20height=%2730%27/%3e"
            style={
              {
                "background": "none",
                "border": 0,
                "display": "block",
                "height": "initial",
                "margin": 0,
                "maxWidth": "100%",
                "opacity": 1,
                "padding": 0,
                "width": "initial",
              }
            }
          />
        </span>
        <img
          alt="logo"
          className="object-contain"
          data-nimg="intrinsic"
          decoding="async"
          onClick={[Function]}
          onError={[Function]}
          onLoad={[Function]}
          onMouseEnter={[Function]}
          onTouchStart={[Function]}
          src="data:image/gif;base64,R0lGODlhAQABAIAAAAAAAP///yH5BAEAAAAALAAAAAABAAEAAAIBRAA7"
          style={
            {
              "border": "none",
              "bottom": 0,
              "boxSizing": "border-box",
              "cursor": "pointer",
              "display": "block",
              "height": 0,
              "left": 0,
              "margin": "auto",
              "maxHeight": "100%",
              "maxWidth": "100%",
              "minHeight": "100%",
              "minWidth": "100%",
              "objectFit": undefined,
              "objectPosition": undefined,
              "padding": 0,
              "position": "absolute",
              "right": 0,
              "top": 0,
              "width": 0,
            }
          }
        />
        <noscript>
          <img
            alt="logo"
            className="object-contain"
            data-nimg="intrinsic"
            decoding="async"
            loading="lazy"
            onClick={[Function]}
            onMouseEnter={[Function]}
            onTouchStart={[Function]}
            src="/_next/image?url=%2Finfluenzit_logo.png&w=256&q=75"
            srcSet="/_next/image?url=%2Finfluenzit_logo.png&w=128&q=75 1x, /_next/image?url=%2Finfluenzit_logo.png&w=256&q=75 2x"
            style={
              {
                "border": "none",
                "bottom": 0,
                "boxSizing": "border-box",
                "cursor": "pointer",
                "display": "block",
                "height": 0,
                "left": 0,
                "margin": "auto",
                "maxHeight": "100%",
                "maxWidth": "100%",
                "minHeight": "100%",
                "minWidth": "100%",
                "objectFit": undefined,
                "objectPosition": undefined,
                "padding": 0,
                "position": "absolute",
                "right": 0,
                "top": 0,
                "width": 0,
              }
            }
          />
        </noscript>
      </span>
    </div>
    <div
      className="sc-9b3a4e15-3 dQMVAC"
    >
      <div
        className="sc-9b3a4e15-4 jEBhsG"
      >
        <div
          className="sc-9b3a4e15-5 jtefFR"
        >
          <a
            href="/"
            onClick={[Function]}
            onMouseEnter={[Function]}
            onTouchStart={[Function]}
          >
            Home
          </a>
        </div>
        <div
          className="sc-9b3a4e15-5 jtefFR"
        >
          <a
            href="/register"
            onClick={[Function]}
            onMouseEnter={[Function]}
            onTouchStart={[Function]}
          >
            Join Influencers
          </a>
        </div>
        <div
          className="sc-9b3a4e15-15 dDFJzx"
          onClick={[Function]}
        >
          <span>
            Explore
          </span>
          <span
            style={
              {
                "background": "none",
                "border": 0,
                "boxSizing": "border-box",
                "display": "inline-block",
                "height": "initial",
                "margin": 0,
                "maxWidth": "100%",
                "opacity": 1,
                "overflow": "hidden",
                "padding": 0,
                "position": "relative",
                "width": "initial",
              }
            }
          >
            <span
              style={
                {
                  "background": "none",
                  "border": 0,
                  "boxSizing": "border-box",
                  "display": "block",
                  "height": "initial",
                  "margin": 0,
                  "maxWidth": "100%",
                  "opacity": 1,
                  "padding": 0,
                  "width": "initial",
                }
              }
            >
              <img
                alt=""
                aria-hidden={true}
                src="data:image/svg+xml,%3csvg%20xmlns=%27http://www.w3.org/2000/svg%27%20version=%271.1%27%20width=%2710%27%20height=%277%27/%3e"
                style={
                  {
                    "background": "none",
                    "border": 0,
                    "display": "block",
                    "height": "initial",
                    "margin": 0,
                    "maxWidth": "100%",
                    "opacity": 1,
                    "padding": 0,
                    "width": "initial",
                  }
                }
              />
            </span>
            <img
              alt=""
              data-nimg="intrinsic"
              decoding="async"
              onError={[Function]}
              onLoad={[Function]}
              src="data:image/gif;base64,R0lGODlhAQABAIAAAAAAAP///yH5BAEAAAAALAAAAAABAAEAAAIBRAA7"
              style={
                {
                  "border": "none",
                  "bottom": 0,
                  "boxSizing": "border-box",
                  "display": "block",
                  "height": 0,
                  "left": 0,
                  "margin": "auto",
                  "maxHeight": "100%",
                  "maxWidth": "100%",
                  "minHeight": "100%",
                  "minWidth": "100%",
                  "objectFit": undefined,
                  "objectPosition": undefined,
                  "padding": 0,
                  "position": "absolute",
                  "right": 0,
                  "top": 0,
                  "width": 0,
                }
              }
            />
            <noscript>
              <img
                alt=""
                data-nimg="intrinsic"
                decoding="async"
                loading="lazy"
                src="/down-chev-b.svg"
                srcSet="/down-chev-b.svg 1x, /down-chev-b.svg 2x"
                style={
                  {
                    "border": "none",
                    "bottom": 0,
                    "boxSizing": "border-box",
                    "display": "block",
                    "height": 0,
                    "left": 0,
                    "margin": "auto",
                    "maxHeight": "100%",
                    "maxWidth": "100%",
                    "minHeight": "100%",
                    "minWidth": "100%",
                    "objectFit": undefined,
                    "objectPosition": undefined,
                    "padding": 0,
                    "position": "absolute",
                    "right": 0,
                    "top": 0,
                    "width": 0,
                  }
                }
              />
            </noscript>
          </span>
        </div>
      </div>
      <div
        className="sc-9b3a4e15-6 kHbtcI"
      >
        <a
          className="sc-9b3a4e15-8 cFcGjA"
          href="/login"
          onClick={[Function]}
          onMouseEnter={[Function]}
          onTouchStart={[Function]}
        >
          Login
        </a>
        <a
          className="sc-9b3a4e15-9 hltGRJ"
          href="/register"
          onClick={[Function]}
          onMouseEnter={[Function]}
          onTouchStart={[Function]}
        >
          Get Started
        </a>
      </div>
    </div>
  </div>
</nav>
`;
